components/ui/Modal.tsx(32,28): error TS2774: This condition will always return true since this function is always defined. Did you mean to call it instead?
